The ``3-say_my_name.py`` module
======================

Using ``say_my_name``
-------------------

This is an example text file in 3-say_my_name.py.  First import
``say_my_name`` from the ``3-say_my_name.py`` module:
>>> say_my_name = __import__('3-say_my_name').say_my_name

>>> say_my_name("Walter", "White")
My name is Walter White

>>> say_my_name(1, "White")
Traceback (most recent call last):
TypeError: first_name must be a string

>>> say_my_name("White", 2)
Traceback (most recent call last):
TypeError: last_name must be a string

>>> say_my_name(None)
Traceback (most recent call last):
TypeError: first_name must be a string

>>> say_my_name()
Traceback (most recent call last):
TypeError: say_my_name() missing 1 required positional argument: 'first_name'
